[2026-08-28 07:11:58] panel...
[2026-08-28 10:05:05] checking the verified holdings...
[2026-08-28 10:05:05] history...
[2026-08-28 10:21:49] prices...
[2026-08-28 10:21:49] founders...
[2026-08-28 10:33:30] published sp500.csv, history.csv, prices.csv, founders.csv in 201.5 min
[2026-08-28 18:57:16] panel...
[2026-08-28 18:57:16] checking the verified holdings...
[2026-08-28 18:57:16] history...
[2026-08-29 02:36:37] panel...
[2026-08-29 02:36:37] checking the verified holdings...
[2026-08-29 02:36:37] history...
[2026-08-29 02:41:25] prices...
[2026-08-29 02:41:25] events...
[2026-08-29 02:42:19] founders: 0.7 days old, skipping (weekly)
[2026-08-29 02:42:19] published sp500.csv, history.csv, prices.csv, founders.csv, events.csv, events-free.csv, history-free.csv in 5.7 min
[2026-08-29 02:42:26] deployed
[2026-08-30 02:38:37] panel...
[2026-08-30 02:38:37] checking the verified holdings...
[2026-08-30 02:38:37] history...
[2026-08-30 02:38:40] capped confidence for 2 companies whose newest filing does not reconcile
[2026-08-30 02:38:40] prices...
[2026-08-30 02:38:40] events...
[2026-08-30 02:39:34] founders: 1.7 days old, skipping (weekly)
[2026-08-30 02:39:34] perf: 0.7 days old, skipping (weekly)
[2026-08-30 02:39:34] published sp500.csv, history.csv, prices.csv, founders.csv, events.csv, events-free.csv, history-free.csv in 1.0 min
[2026-08-30 02:39:44] deployed
[2026-08-30 08:32:50] panel...
[2026-08-30 08:32:50] checking the verified holdings...
[2026-08-30 08:32:50] history...
[2026-08-30 08:32:54] capped confidence for 2 companies whose newest filing does not reconcile
[2026-08-30 08:32:54] prices...
[2026-08-30 08:32:54] events...
[2026-08-30 08:33:07] founders: 0.2 days old, skipping (weekly)
[2026-08-30 08:33:07] perf: 0.9 days old, skipping (weekly)
[2026-08-30 08:33:07] published sp500.csv, history.csv, prices.csv, founders.csv, events.csv, events-free.csv, history-free.csv in 0.3 min
[2026-08-30 09:33:55] panel...
[2026-08-30 09:33:55] checking the verified holdings...
[2026-08-30 09:33:55] history...
[2026-08-30 09:33:59] capped confidence for 2 companies whose newest filing does not reconcile
[2026-08-30 09:33:59] prices...
[2026-08-30 09:33:59] events...
[2026-08-30 09:34:10] founders: 0.0 days old, skipping (weekly)
[2026-08-30 09:34:10] perf: 1.0 days old, skipping (weekly)
[2026-08-30 09:34:10] published sp500.csv, history.csv, prices.csv, founders.csv, events.csv, events-free.csv, history-free.csv in 0.2 min
[2026-08-30 09:40:17] panel...
[2026-08-30 09:40:17] checking the verified holdings...
[2026-08-30 09:40:17] history...
[2026-08-30 09:40:21] capped confidence for 2 companies whose newest filing does not reconcile
[2026-08-30 09:40:21] prices...
[2026-08-30 09:40:21] events...
[2026-08-30 09:40:31] founders: 0.0 days old, skipping (weekly)
[2026-08-30 09:40:31] perf: 1.0 days old, skipping (weekly)
[2026-08-30 09:40:32] published sp500.csv, history.csv, prices.csv, founders.csv, events.csv, events-free.csv, history-free.csv in 0.2 min
[2026-08-31 02:30:53] panel...
[2026-08-31 02:30:53] checking the verified holdings...
[2026-08-31 02:30:53] history...
[2026-08-31 02:30:56] capped confidence for 2 companies whose newest filing does not reconcile
[2026-08-31 02:30:56] prices...
[2026-08-31 02:30:56] events...
[2026-08-31 02:31:52] founders: 0.7 days old, skipping (weekly)
[2026-08-31 02:31:52] perf: 1.7 days old, skipping (weekly)
[2026-08-31 02:31:52] published sp500.csv, history.csv, prices.csv, founders.csv, events.csv, events-free.csv, history-free.csv in 1.0 min
[2026-08-31 02:32:03] deployed
[2026-09-01 02:31:37] panel...
[2026-09-01 02:31:37] checking the verified holdings...
[2026-09-01 02:31:37] history...
[2026-09-01 02:31:40] capped confidence for 2 companies whose newest filing does not reconcile
[2026-09-01 02:31:40] prices...
[2026-09-01 02:31:40] events...
[2026-09-01 02:32:35] founders: 3.7 days old, skipping (weekly)
[2026-09-01 02:32:35] perf: 2.7 days old, skipping (weekly)
[2026-09-01 02:32:35] published sp500.csv, history.csv, prices.csv, founders.csv, events.csv, events-free.csv, history-free.csv in 1.0 min
[2026-09-01 02:32:43] deployed
[2026-09-02 02:30:04] panel...
[2026-09-02 02:30:04] checking the verified holdings...
[2026-09-02 02:30:04] history...
[2026-09-02 02:30:07] capped confidence for 2 companies whose newest filing does not reconcile
[2026-09-02 02:30:07] prices...
[2026-09-02 02:30:07] events...
[2026-09-02 02:31:03] founders: 1.0 days old, skipping (weekly)
[2026-09-02 02:31:03] perf: 3.7 days old, skipping (weekly)
[2026-09-02 02:31:03] published sp500.csv, history.csv, prices.csv, founders.csv, events.csv, events-free.csv, history-free.csv in 1.0 min
[2026-09-02 02:31:11] deployed
